******************************************************************************
             TMS320C2000 Linker PC v22.6.0                     
******************************************************************************
>> Linked Mon Apr 17 15:54:12 2023

OUTPUT FILE NAME:   <Control_ACIM_F28335_v1.out>
ENTRY POINT SYMBOL: "_c_int00"  address: 00009d28


MEMORY CONFIGURATION

         name            origin    length      used     unused   attr    fill
----------------------  --------  ---------  --------  --------  ----  --------
PAGE 0:
  BEGIN                 00000000   00000002  00000002  00000000  RWIX
  BOOT_RSVD             00000002   0000004e  00000000  0000004e  RWIX
  RAMM0                 00000050   000003b0  00000000  000003b0  RWIX
  RAML0                 00008000   00001000  00000570  00000a90  RWIX
  RAML1                 00009000   00001800  00000e78  00000988  RWIX
  RAML2                 0000b000   00001000  00000097  00000f69  RWIX
  RAML3                 0000c000   00001000  00000000  00001000  RWIX
  ZONE7A                00200000   0000fc00  00000000  0000fc00  RWIX
  CSM_RSVD              0033ff80   00000076  00000000  00000076  RWIX
  CSM_PWL               0033fff8   00000008  00000000  00000008  RWIX
  ADC_CAL               00380080   00000009  00000007  00000002  RWIX
  IQTABLES              003fe000   00000b50  00000b50  00000000  RWIX
  IQTABLES2             003feb50   0000008c  00000000  0000008c  RWIX
  FPUTABLES             003febdc   000006a0  00000000  000006a0  RWIX
  BOOTROM               003ff27c   00000d44  00000000  00000d44  RWIX
  RESET                 003fffc0   00000002  00000000  00000002  RWIX

PAGE 1:
  RAMM1                 00000400   00000400  00000300  00000100  RWIX
  DEV_EMU               00000880   00000180  000000d0  000000b0  RWIX
  FLASH_REGS            00000a80   00000060  00000008  00000058  RWIX
  CSM                   00000ae0   00000010  00000010  00000000  RWIX
  ADC_MIRROR            00000b00   00000010  00000010  00000000  RWIX
  XINTF                 00000b20   00000020  0000001e  00000002  RWIX
  CPU_TIMER0            00000c00   00000008  00000008  00000000  RWIX
  CPU_TIMER1            00000c08   00000008  00000008  00000000  RWIX
  CPU_TIMER2            00000c10   00000008  00000008  00000000  RWIX
  PIE_CTRL              00000ce0   00000020  0000001a  00000006  RWIX
  PIE_VECT              00000d00   00000100  00000100  00000000  RWIX
  DMA                   00001000   00000200  000000e0  00000120  RWIX
  MCBSPA                00005000   00000040  00000025  0000001b  RWIX
  MCBSPB                00005040   00000040  00000025  0000001b  RWIX
  ECANA                 00006000   00000040  00000034  0000000c  RWIX
  ECANA_LAM             00006040   00000040  00000040  00000000  RWIX
  ECANA_MOTS            00006080   00000040  00000040  00000000  RWIX
  ECANA_MOTO            000060c0   00000040  00000040  00000000  RWIX
  ECANA_MBOX            00006100   00000100  00000100  00000000  RWIX
  ECANB                 00006200   00000040  00000034  0000000c  RWIX
  ECANB_LAM             00006240   00000040  00000040  00000000  RWIX
  ECANB_MOTS            00006280   00000040  00000040  00000000  RWIX
  ECANB_MOTO            000062c0   00000040  00000040  00000000  RWIX
  ECANB_MBOX            00006300   00000100  00000100  00000000  RWIX
  EPWM1                 00006800   00000022  00000022  00000000  RWIX
  EPWM2                 00006840   00000022  00000022  00000000  RWIX
  EPWM3                 00006880   00000022  00000022  00000000  RWIX
  EPWM4                 000068c0   00000022  00000022  00000000  RWIX
  EPWM5                 00006900   00000022  00000022  00000000  RWIX
  EPWM6                 00006940   00000022  00000022  00000000  RWIX
  ECAP1                 00006a00   00000020  00000020  00000000  RWIX
  ECAP2                 00006a20   00000020  00000020  00000000  RWIX
  ECAP3                 00006a40   00000020  00000020  00000000  RWIX
  ECAP4                 00006a60   00000020  00000020  00000000  RWIX
  ECAP5                 00006a80   00000020  00000020  00000000  RWIX
  ECAP6                 00006aa0   00000020  00000020  00000000  RWIX
  EQEP1                 00006b00   00000040  00000040  00000000  RWIX
  EQEP2                 00006b40   00000040  00000040  00000000  RWIX
  GPIOCTRL              00006f80   00000040  0000002e  00000012  RWIX
  GPIODAT               00006fc0   00000020  00000020  00000000  RWIX
  GPIOINT               00006fe0   00000020  0000000a  00000016  RWIX
  SYSTEM                00007010   00000020  00000020  00000000  RWIX
  SPIA                  00007040   00000010  00000010  00000000  RWIX
  SCIA                  00007050   00000010  00000010  00000000  RWIX
  XINTRUPT              00007070   00000010  00000010  00000000  RWIX
  ADC                   00007100   00000020  0000001e  00000002  RWIX
  SCIB                  00007750   00000010  00000010  00000000  RWIX
  SCIC                  00007770   00000010  00000010  00000000  RWIX
  I2CA                  00007900   00000040  00000022  0000001e  RWIX
  RAML4                 0000c000   00001000  00000548  00000ab8  RWIX
  RAML5                 0000d000   00001000  0000000c  00000ff4  RWIX
  RAML6                 0000e000   00001000  00000000  00001000  RWIX
  RAML7                 0000f000   00001000  00000000  00001000  RWIX
  ZONE7B                0020fc00   00000400  00000000  00000400  RWIX
  CSM_PWL               0033fff8   00000008  00000008  00000000  RWIX
  PARTID                00380090   00000001  00000001  00000000  RWIX


SECTION ALLOCATION MAP

 output                                  attributes/
section   page    origin      length       input sections
--------  ----  ----------  ----------   ----------------
codestart 
*          0    00000000    00000002     
                  00000000    00000002     DSP2833x_CodeStartBranch.obj (codestart)

.cinit     0    00008000    0000056c     
                  00008000    000001d5     Control_ACIM_F28335_AttackSim_c1_main.obj (.cinit)
                  000081d5    000000cb     Control_ACIM_F28335_AttackSim_c1_main.obj (.cinit:_dataA)
                  000082a0    000000cb     Control_ACIM_F28335_AttackSim_c1_main.obj (.cinit:_dataB)
                  0000836b    000000cb     Control_ACIM_F28335_AttackSim_c1_main.obj (.cinit:_dataLogA)
                  00008436    000000cb     Control_ACIM_F28335_AttackSim_c1_main.obj (.cinit:_dataLogB)
                  00008501    00000013     Control_ACIM_F28335_AttackSim_c1_main.obj (.cinit:_ACQPS)
                  00008514    00000013     Control_ACIM_F28335_AttackSim_c1_main.obj (.cinit:_ChSel)
                  00008527    00000011     Control_ACIM_F28335_AttackSim_c1_main.obj (.cinit:_eCAP)
                  00008538    00000011     Control_ACIM_F28335_AttackSim_c1_main.obj (.cinit:_ePWM)
                  00008549    0000000e     rts2800_ml.lib : exit.c.obj (.cinit)
                  00008557    00000009     Control_ACIM_F28335_AttackSim_c1_main.obj (.cinit:_eQEP)
                  00008560    00000005     rts2800_ml.lib : _lock.c.obj (.cinit:__lock)
                  00008565    00000005                    : _lock.c.obj (.cinit:__unlock)
                  0000856a    00000002     --HOLE-- [fill = 0]

ramfuncs   0    0000856c    00000004     
                  0000856c    00000004     DSP2833x_usDelay.obj (ramfuncs)

.text      0    00009000    00000e78     
                  00009000    0000053a     Control_ACIM_F28335_AttackSim_c1_main.obj (.text:retain)
                  0000953a    0000044f     Control_ACIM_F28335_AttackSim_c1_main.obj (.text)
                  00009989    000001c7     DSP2833x_DevInit.obj (.text)
                  00009b50    00000083     rts2800_ml.lib : fd_mpy28.asm.obj (.text)
                  00009bd3    00000083                    : fs_div28.asm.obj (.text)
                  00009c56    00000078                    : fs_add28.asm.obj (.text)
                  00009cce    0000005a                    : fs_mpy28.asm.obj (.text)
                  00009d28    00000054                    : boot28.asm.obj (.text)
                  00009d7c    00000029                    : exit.c.obj (.text)
                  00009da5    00000024                    : cpy_tbl.c.obj (.text)
                  00009dc9    0000001f                    : fd_tol28.asm.obj (.text)
                  00009de8    0000001d                    : fs_tou28.asm.obj (.text)
                  00009e05    0000001d                    : memcpy.c.obj (.text)
                  00009e22    0000001c                    : fs_tofd28.asm.obj (.text)
                  00009e3e    00000011                    : args_main.c.obj (.text)
                  00009e4f    00000010                    : u_tofs28.asm.obj (.text)
                  00009e5f    00000009                    : _lock.c.obj (.text)
                  00009e68    00000008     DSP2833x_CodeStartBranch.obj (.text)
                  00009e70    00000005     DSP2833x_DevInit.obj (.text:retain)
                  00009e75    00000002     rts2800_ml.lib : pre_init.c.obj (.text)
                  00009e77    00000001                    : startup.c.obj (.text)

DevEmuRegsFile 
*          1    00000880    000000d0     UNINITIALIZED
                  00000880    000000d0     DSP2833x_GlobalVariableDefs.obj (DevEmuRegsFile)

FlashRegsFile 
*          1    00000a80    00000008     UNINITIALIZED
                  00000a80    00000008     DSP2833x_GlobalVariableDefs.obj (FlashRegsFile)

CsmRegsFile 
*          1    00000ae0    00000010     UNINITIALIZED
                  00000ae0    00000010     DSP2833x_GlobalVariableDefs.obj (CsmRegsFile)

AdcMirrorFile 
*          1    00000b00    00000010     UNINITIALIZED
                  00000b00    00000010     DSP2833x_GlobalVariableDefs.obj (AdcMirrorFile)

XintfRegsFile 
*          1    00000b20    0000001e     UNINITIALIZED
                  00000b20    0000001e     DSP2833x_GlobalVariableDefs.obj (XintfRegsFile)

CpuTimer0RegsFile 
*          1    00000c00    00000008     UNINITIALIZED
                  00000c00    00000008     DSP2833x_GlobalVariableDefs.obj (CpuTimer0RegsFile)

CpuTimer1RegsFile 
*          1    00000c08    00000008     UNINITIALIZED
                  00000c08    00000008     DSP2833x_GlobalVariableDefs.obj (CpuTimer1RegsFile)

CpuTimer2RegsFile 
*          1    00000c10    00000008     UNINITIALIZED
                  00000c10    00000008     DSP2833x_GlobalVariableDefs.obj (CpuTimer2RegsFile)

PieCtrlRegsFile 
*          1    00000ce0    0000001a     UNINITIALIZED
                  00000ce0    0000001a     DSP2833x_GlobalVariableDefs.obj (PieCtrlRegsFile)

PieVectTableFile 
*          1    00000d00    00000100     UNINITIALIZED
                  00000d00    00000100     DSP2833x_GlobalVariableDefs.obj (PieVectTableFile)

DmaRegsFile 
*          1    00001000    000000e0     UNINITIALIZED
                  00001000    000000e0     DSP2833x_GlobalVariableDefs.obj (DmaRegsFile)

McbspaRegsFile 
*          1    00005000    00000025     UNINITIALIZED
                  00005000    00000025     DSP2833x_GlobalVariableDefs.obj (McbspaRegsFile)

McbspbRegsFile 
*          1    00005040    00000025     UNINITIALIZED
                  00005040    00000025     DSP2833x_GlobalVariableDefs.obj (McbspbRegsFile)

ECanaRegsFile 
*          1    00006000    00000034     UNINITIALIZED
                  00006000    00000034     DSP2833x_GlobalVariableDefs.obj (ECanaRegsFile)

ECanaLAMRegsFile 
*          1    00006040    00000040     UNINITIALIZED
                  00006040    00000040     DSP2833x_GlobalVariableDefs.obj (ECanaLAMRegsFile)

ECanaMOTSRegsFile 
*          1    00006080    00000040     UNINITIALIZED
                  00006080    00000040     DSP2833x_GlobalVariableDefs.obj (ECanaMOTSRegsFile)

ECanaMOTORegsFile 
*          1    000060c0    00000040     UNINITIALIZED
                  000060c0    00000040     DSP2833x_GlobalVariableDefs.obj (ECanaMOTORegsFile)

ECanaMboxesFile 
*          1    00006100    00000100     UNINITIALIZED
                  00006100    00000100     DSP2833x_GlobalVariableDefs.obj (ECanaMboxesFile)

ECanbRegsFile 
*          1    00006200    00000034     UNINITIALIZED
                  00006200    00000034     DSP2833x_GlobalVariableDefs.obj (ECanbRegsFile)

ECanbLAMRegsFile 
*          1    00006240    00000040     UNINITIALIZED
                  00006240    00000040     DSP2833x_GlobalVariableDefs.obj (ECanbLAMRegsFile)

ECanbMOTSRegsFile 
*          1    00006280    00000040     UNINITIALIZED
                  00006280    00000040     DSP2833x_GlobalVariableDefs.obj (ECanbMOTSRegsFile)

ECanbMOTORegsFile 
*          1    000062c0    00000040     UNINITIALIZED
                  000062c0    00000040     DSP2833x_GlobalVariableDefs.obj (ECanbMOTORegsFile)

ECanbMboxesFile 
*          1    00006300    00000100     UNINITIALIZED
                  00006300    00000100     DSP2833x_GlobalVariableDefs.obj (ECanbMboxesFile)

EPwm1RegsFile 
*          1    00006800    00000022     UNINITIALIZED
                  00006800    00000022     DSP2833x_GlobalVariableDefs.obj (EPwm1RegsFile)

EPwm2RegsFile 
*          1    00006840    00000022     UNINITIALIZED
                  00006840    00000022     DSP2833x_GlobalVariableDefs.obj (EPwm2RegsFile)

EPwm3RegsFile 
*          1    00006880    00000022     UNINITIALIZED
                  00006880    00000022     DSP2833x_GlobalVariableDefs.obj (EPwm3RegsFile)

EPwm4RegsFile 
*          1    000068c0    00000022     UNINITIALIZED
                  000068c0    00000022     DSP2833x_GlobalVariableDefs.obj (EPwm4RegsFile)

EPwm5RegsFile 
*          1    00006900    00000022     UNINITIALIZED
                  00006900    00000022     DSP2833x_GlobalVariableDefs.obj (EPwm5RegsFile)

EPwm6RegsFile 
*          1    00006940    00000022     UNINITIALIZED
                  00006940    00000022     DSP2833x_GlobalVariableDefs.obj (EPwm6RegsFile)

ECap1RegsFile 
*          1    00006a00    00000020     UNINITIALIZED
                  00006a00    00000020     DSP2833x_GlobalVariableDefs.obj (ECap1RegsFile)

ECap2RegsFile 
*          1    00006a20    00000020     UNINITIALIZED
                  00006a20    00000020     DSP2833x_GlobalVariableDefs.obj (ECap2RegsFile)

ECap3RegsFile 
*          1    00006a40    00000020     UNINITIALIZED
                  00006a40    00000020     DSP2833x_GlobalVariableDefs.obj (ECap3RegsFile)

ECap4RegsFile 
*          1    00006a60    00000020     UNINITIALIZED
                  00006a60    00000020     DSP2833x_GlobalVariableDefs.obj (ECap4RegsFile)

ECap5RegsFile 
*          1    00006a80    00000020     UNINITIALIZED
                  00006a80    00000020     DSP2833x_GlobalVariableDefs.obj (ECap5RegsFile)

ECap6RegsFile 
*          1    00006aa0    00000020     UNINITIALIZED
                  00006aa0    00000020     DSP2833x_GlobalVariableDefs.obj (ECap6RegsFile)

EQep1RegsFile 
*          1    00006b00    00000040     UNINITIALIZED
                  00006b00    00000040     DSP2833x_GlobalVariableDefs.obj (EQep1RegsFile)

EQep2RegsFile 
*          1    00006b40    00000040     UNINITIALIZED
                  00006b40    00000040     DSP2833x_GlobalVariableDefs.obj (EQep2RegsFile)

GpioCtrlRegsFile 
*          1    00006f80    0000002e     UNINITIALIZED
                  00006f80    0000002e     DSP2833x_GlobalVariableDefs.obj (GpioCtrlRegsFile)

GpioDataRegsFile 
*          1    00006fc0    00000020     UNINITIALIZED
                  00006fc0    00000020     DSP2833x_GlobalVariableDefs.obj (GpioDataRegsFile)

GpioIntRegsFile 
*          1    00006fe0    0000000a     UNINITIALIZED
                  00006fe0    0000000a     DSP2833x_GlobalVariableDefs.obj (GpioIntRegsFile)

SysCtrlRegsFile 
*          1    00007010    00000020     UNINITIALIZED
                  00007010    00000020     DSP2833x_GlobalVariableDefs.obj (SysCtrlRegsFile)

SpiaRegsFile 
*          1    00007040    00000010     UNINITIALIZED
                  00007040    00000010     DSP2833x_GlobalVariableDefs.obj (SpiaRegsFile)

SciaRegsFile 
*          1    00007050    00000010     UNINITIALIZED
                  00007050    00000010     DSP2833x_GlobalVariableDefs.obj (SciaRegsFile)

XIntruptRegsFile 
*          1    00007070    00000010     UNINITIALIZED
                  00007070    00000010     DSP2833x_GlobalVariableDefs.obj (XIntruptRegsFile)

AdcRegsFile 
*          1    00007100    0000001e     UNINITIALIZED
                  00007100    0000001e     DSP2833x_GlobalVariableDefs.obj (AdcRegsFile)

ScibRegsFile 
*          1    00007750    00000010     UNINITIALIZED
                  00007750    00000010     DSP2833x_GlobalVariableDefs.obj (ScibRegsFile)

ScicRegsFile 
*          1    00007770    00000010     UNINITIALIZED
                  00007770    00000010     DSP2833x_GlobalVariableDefs.obj (ScicRegsFile)

I2caRegsFile 
*          1    00007900    00000022     UNINITIALIZED
                  00007900    00000022     DSP2833x_GlobalVariableDefs.obj (I2caRegsFile)

CsmPwlFile 
*          1    0033fff8    00000008     UNINITIALIZED
                  0033fff8    00000008     DSP2833x_GlobalVariableDefs.obj (CsmPwlFile)

PartIdRegsFile 
*          1    00380090    00000001     UNINITIALIZED
                  00380090    00000001     DSP2833x_GlobalVariableDefs.obj (PartIdRegsFile)

.pinit     0    00008000    00000000     UNINITIALIZED

.stack     1    00000400    00000300     UNINITIALIZED
                  00000400    00000300     --HOLE--

.ebss      1    0000c000    00000548     UNINITIALIZED
                  0000c000    00000158     Control_ACIM_F28335_AttackSim_c1_main.obj (.ebss)
                  0000c158    00000010     Control_ACIM_F28335_AttackSim_c1_main.obj (.ebss:_ACQPS)
                  0000c168    00000010     Control_ACIM_F28335_AttackSim_c1_main.obj (.ebss:_ChSel)
                  0000c178    00000006     Control_ACIM_F28335_AttackSim_c1_main.obj (.ebss:_eQEP)
                  0000c17e    00000002     rts2800_ml.lib : _lock.c.obj (.ebss:__lock)
                  0000c180    000000c8     Control_ACIM_F28335_AttackSim_c1_main.obj (.ebss:_dataA)
                  0000c248    0000000e     Control_ACIM_F28335_AttackSim_c1_main.obj (.ebss:_eCAP)
                  0000c256    0000000e     Control_ACIM_F28335_AttackSim_c1_main.obj (.ebss:_ePWM)
                  0000c264    00000006     rts2800_ml.lib : exit.c.obj (.ebss)
                  0000c26a    00000002                    : _lock.c.obj (.ebss:__unlock)
                  0000c26c    00000014     --HOLE--
                  0000c280    000000c8     Control_ACIM_F28335_AttackSim_c1_main.obj (.ebss:_dataB)
                  0000c348    00000038     --HOLE--
                  0000c380    000000c8     Control_ACIM_F28335_AttackSim_c1_main.obj (.ebss:_dataLogA)
                  0000c448    00000038     --HOLE--
                  0000c480    000000c8     Control_ACIM_F28335_AttackSim_c1_main.obj (.ebss:_dataLogB)

.econst    1    0000d000    0000000c     
                  0000d000    0000000c     Control_ACIM_F28335_AttackSim_c1_main.obj (.econst)

IQmath     0    0000b000    00000097     
                  0000b000    00000047     IQmath.lib : IQ24div.obj (IQmath)
                  0000b047    00000029                : IQ24sinPU.obj (IQmath)
                  0000b070    00000027                : IQ24cosPU.obj (IQmath)

IQmathTables 
*          0    003fe000    00000b50     NOLOAD SECTION
                  003fe000    00000b50     IQmath.lib : IQmathTables.obj (IQmathTables)

.reset     0    003fffc0    00000002     DSECT
                  003fffc0    00000002     rts2800_ml.lib : boot28.asm.obj (.reset)

csm_rsvd   0    0033ff80    00000000     DSECT

csmpasswds 
*          0    0033fff8    00000000     DSECT

.adc_cal   0    00380080    00000007     NOLOAD SECTION
                  00380080    00000007     DSP2833x_ADC_cal.obj (.adc_cal)

MODULE SUMMARY

       Module                                      code   initialized data   uninitialized data
       ------                                      ----   ----------------   ------------------
    .\
       Control_ACIM_F28335_AttackSim_c1_main.obj   2441   1374               1210              
       DSP2833x_GlobalVariableDefs.obj             0      0                  2679              
       DSP2833x_DevInit.obj                        460    0                  0                 
       DSP2833x_CodeStartBranch.obj                10     0                  0                 
       DSP2833x_ADC_cal.obj                        7      0                  0                 
       DSP2833x_usDelay.obj                        4      0                  0                 
    +--+-------------------------------------------+------+------------------+--------------------+
       Total:                                      2922   1374               3889              
                                                                                               
    C:/ti/controlSUITE/libs/math/IQmath/v15c/lib/IQmath.lib
       IQmathTables.obj                            0      2896               0                 
       IQ24div.obj                                 0      71                 0                 
       IQ24sinPU.obj                               0      41                 0                 
       IQ24cosPU.obj                               0      39                 0                 
    +--+-------------------------------------------+------+------------------+--------------------+
       Total:                                      0      3047               0                 
                                                                                               
    C:\ti\ccs1210\ccs\tools\compiler\ti-cgt-c2000_22.6.0.LTS\lib\rts2800_ml.lib
       fd_mpy28.asm.obj                            131    0                  0                 
       fs_div28.asm.obj                            131    0                  0                 
       fs_add28.asm.obj                            120    0                  0                 
       fs_mpy28.asm.obj                            90     0                  0                 
       boot28.asm.obj                              84     0                  0                 
       exit.c.obj                                  41     14                 6                 
       cpy_tbl.c.obj                               36     0                  0                 
       fd_tol28.asm.obj                            31     0                  0                 
       fs_tou28.asm.obj                            29     0                  0                 
       memcpy.c.obj                                29     0                  0                 
       fs_tofd28.asm.obj                           28     0                  0                 
       _lock.c.obj                                 9      10                 4                 
       args_main.c.obj                             17     0                  0                 
       u_tofs28.asm.obj                            16     0                  0                 
       pre_init.c.obj                              2      0                  0                 
       startup.c.obj                               1      0                  0                 
    +--+-------------------------------------------+------+------------------+--------------------+
       Total:                                      795    24                 10                
                                                                                               
       Stack:                                      0      0                  768               
    +--+-------------------------------------------+------+------------------+--------------------+
       Grand Total:                                3717   4445               4667              


GLOBAL DATA SYMBOLS: SORTED BY DATA PAGE

address     data page           name
--------    ----------------    ----
00000400      10 (00000400)     __stack

00000880      22 (00000880)     _DevEmuRegs

00000a80      2a (00000a80)     _FlashRegs

00000ae0      2b (00000ac0)     _CsmRegs

00000b00      2c (00000b00)     _AdcMirror
00000b20      2c (00000b00)     _XintfRegs

00000c00      30 (00000c00)     _CpuTimer0Regs
00000c08      30 (00000c00)     _CpuTimer1Regs
00000c10      30 (00000c00)     _CpuTimer2Regs

00000ce0      33 (00000cc0)     _PieCtrlRegs

00000d00      34 (00000d00)     _PieVectTable

00001000      40 (00001000)     _DmaRegs

00005000     140 (00005000)     _McbspaRegs

00005040     141 (00005040)     _McbspbRegs

00006000     180 (00006000)     _ECanaRegs

00006040     181 (00006040)     _ECanaLAMRegs

00006080     182 (00006080)     _ECanaMOTSRegs

000060c0     183 (000060c0)     _ECanaMOTORegs

00006100     184 (00006100)     _ECanaMboxes

00006200     188 (00006200)     _ECanbRegs

00006240     189 (00006240)     _ECanbLAMRegs

00006280     18a (00006280)     _ECanbMOTSRegs

000062c0     18b (000062c0)     _ECanbMOTORegs

00006300     18c (00006300)     _ECanbMboxes

00006800     1a0 (00006800)     _EPwm1Regs

00006840     1a1 (00006840)     _EPwm2Regs

00006880     1a2 (00006880)     _EPwm3Regs

000068c0     1a3 (000068c0)     _EPwm4Regs

00006900     1a4 (00006900)     _EPwm5Regs

00006940     1a5 (00006940)     _EPwm6Regs

00006a00     1a8 (00006a00)     _ECap1Regs
00006a20     1a8 (00006a00)     _ECap2Regs

00006a40     1a9 (00006a40)     _ECap3Regs
00006a60     1a9 (00006a40)     _ECap4Regs

00006a80     1aa (00006a80)     _ECap5Regs
00006aa0     1aa (00006a80)     _ECap6Regs

00006b00     1ac (00006b00)     _EQep1Regs

00006b40     1ad (00006b40)     _EQep2Regs

00006f80     1be (00006f80)     _GpioCtrlRegs

00006fc0     1bf (00006fc0)     _GpioDataRegs
00006fe0     1bf (00006fc0)     _GpioIntRegs

00007010     1c0 (00007000)     _SysCtrlRegs

00007040     1c1 (00007040)     _SpiaRegs
00007050     1c1 (00007040)     _SciaRegs
00007070     1c1 (00007040)     _XIntruptRegs

00007100     1c4 (00007100)     _AdcRegs

00007750     1dd (00007740)     _ScibRegs
00007770     1dd (00007740)     _ScicRegs

00007900     1e4 (00007900)     _I2caRegs

0000b000     2c0 (0000b000)     __IQ24div

0000b047     2c1 (0000b040)     __IQ24sinPU
0000b070     2c1 (0000b040)     __IQ24cosPU

0000c000     300 (0000c000)     _BackTicker
0000c001     300 (0000c000)     _SpeedLoopPrescaler
0000c002     300 (0000c000)     _SpeedLoopCount
0000c003     300 (0000c000)     _limCurrentMax
0000c004     300 (0000c000)     _limCurrentMin
0000c005     300 (0000c000)     _TripFlagDMC
0000c006     300 (0000c000)     _EnableFlag
0000c007     300 (0000c000)     _DisableFlag
0000c008     300 (0000c000)     _HardstopFlag
0000c009     300 (0000c000)     _monitorTicker
0000c00a     300 (0000c000)     _monitorDivider
0000c00b     300 (0000c000)     _monitorDivTicker
0000c00c     300 (0000c000)     _attackinitFlag
0000c00d     300 (0000c000)     _attackhaltFlag
0000c00e     300 (0000c000)     _attackTicker
0000c00f     300 (0000c000)     _attackPeriod
0000c010     300 (0000c000)     _recoverPeriod
0000c011     300 (0000c000)     _tick_atk_spd
0000c012     300 (0000c000)     _T
0000c014     300 (0000c000)     _IsrTicker
0000c016     300 (0000c000)     _offsetA
0000c018     300 (0000c000)     _offsetB
0000c01a     300 (0000c000)     _offsetC
0000c01c     300 (0000c000)     _K1
0000c01e     300 (0000c000)     _K2
0000c020     300 (0000c000)     _SensorGain
0000c022     300 (0000c000)     _Ffd_d
0000c024     300 (0000c000)     _Ffd_q
0000c026     300 (0000c000)     _vds
0000c028     300 (0000c000)     _vqs
0000c02a     300 (0000c000)     _VdTesting
0000c02c     300 (0000c000)     _VqTesting
0000c02e     300 (0000c000)     _IdRef
0000c030     300 (0000c000)     _IqRef
0000c032     300 (0000c000)     _SpeedRef
0000c034     300 (0000c000)     _alpha
0000c036     300 (0000c000)     _impact
0000c038     300 (0000c000)     _offsetA_prev
0000c03a     300 (0000c000)     _offsetB_prev
0000c03c     300 (0000c000)     _offsetC_prev
0000c03e     300 (0000c000)     _SpeedRef_atk

0000c040     301 (0000c040)     _pwmdac1
0000c046     301 (0000c040)     _clarke1
0000c050     301 (0000c040)     _pwm1
0000c05a     301 (0000c040)     _rg1
0000c066     301 (0000c040)     _park1

0000c080     302 (0000c080)     _ipark1
0000c08e     302 (0000c080)     _cm1_const
0000c09e     302 (0000c080)     _rc1
0000c0ae     302 (0000c080)     _qep1

0000c0c0     303 (0000c0c0)     _svgen1
0000c0d2     303 (0000c0c0)     _cm1
0000c0e6     303 (0000c0c0)     _speed1

0000c100     304 (0000c100)     _pi_spd
0000c118     304 (0000c100)     _pi_id

0000c140     305 (0000c140)     _pi_iq
0000c158     305 (0000c140)     _ACQPS
0000c168     305 (0000c140)     _ChSel
0000c178     305 (0000c140)     _eQEP
0000c17e     305 (0000c140)     __lock

0000c180     306 (0000c180)     _dataA

0000c248     309 (0000c240)     _eCAP
0000c256     309 (0000c240)     _ePWM
0000c264     309 (0000c240)     ___TI_enable_exit_profile_output
0000c266     309 (0000c240)     ___TI_cleanup_ptr
0000c268     309 (0000c240)     ___TI_dtors_ptr
0000c26a     309 (0000c240)     __unlock

0000c280     30a (0000c280)     _dataB

0000c380     30e (0000c380)     _dataLogA

0000c480     312 (0000c480)     _dataLogB

0033fff8    cfff (0033ffc0)     _CsmPwl

00380090    e002 (00380080)     _PartIdRegs

003fe000    ff80 (003fe000)     _IQsinTable

003fe100    ff84 (003fe100)     _IQcosTable

003fe400    ff90 (003fe400)     _IQsinTableEnd

003fe502    ff94 (003fe500)     _IQcosTableEnd
003fe502    ff94 (003fe500)     _IQdivRoundSatTable
003fe510    ff94 (003fe500)     _IQdivTable

003fe712    ff9c (003fe700)     _IQdivTableEnd
003fe712    ff9c (003fe700)     _IQisqrtRoundSatTable
003fe712    ff9c (003fe700)     _IQsqrtRoundSatTable
003fe722    ff9c (003fe700)     _IQisqrtTable
003fe722    ff9c (003fe700)     _IQsqrtTable

003fe824    ffa0 (003fe800)     _IQatan2HalfPITable
003fe824    ffa0 (003fe800)     _IQisqrtTableEnd
003fe824    ffa0 (003fe800)     _IQsqrtTableEnd

003fe862    ffa1 (003fe840)     _IQatan2Table

003fe9e8    ffa7 (003fe9c0)     _IQ30mpyRndSatTable
003fe9e8    ffa7 (003fe9c0)     _IQatan2TableEnd
003fe9e8    ffa7 (003fe9c0)     _IQmpyRndSatTable
003fe9f4    ffa7 (003fe9c0)     _IQ29mpyRndSatTable

003fea00    ffa8 (003fea00)     _IQ28mpyRndSatTable
003fea0c    ffa8 (003fea00)     _IQ27mpyRndSatTable
003fea18    ffa8 (003fea00)     _IQ26mpyRndSatTable
003fea24    ffa8 (003fea00)     _IQ25mpyRndSatTable
003fea30    ffa8 (003fea00)     _IQ24mpyRndSatTable
003fea3c    ffa8 (003fea00)     _IQ23mpyRndSatTable

003fea48    ffa9 (003fea40)     _IQ22mpyRndSatTable
003fea54    ffa9 (003fea40)     _IQ21mpyRndSatTable
003fea60    ffa9 (003fea40)     _IQ20mpyRndSatTable
003fea6c    ffa9 (003fea40)     _IQ19mpyRndSatTable
003fea78    ffa9 (003fea40)     _IQ18mpyRndSatTable

003fea84    ffaa (003fea80)     _IQ17mpyRndSatTable
003fea90    ffaa (003fea80)     _IQ16mpyRndSatTable
003fea9c    ffaa (003fea80)     _IQ15mpyRndSatTable
003feaa8    ffaa (003fea80)     _IQ14mpyRndSatTable
003feab4    ffaa (003fea80)     _IQ13mpyRndSatTable

003feac0    ffab (003feac0)     _IQ12mpyRndSatTable
003feacc    ffab (003feac0)     _IQ11mpyRndSatTable
003fead8    ffab (003feac0)     _IQ10mpyRndSatTable
003feae4    ffab (003feac0)     _IQ9mpyRndSatTable
003feaf0    ffab (003feac0)     _IQ8mpyRndSatTable
003feafc    ffab (003feac0)     _IQ7mpyRndSatTable

003feb08    ffac (003feb00)     _IQ6mpyRndSatTable
003feb14    ffac (003feb00)     _IQ5mpyRndSatTable
003feb20    ffac (003feb00)     _IQ4mpyRndSatTable
003feb2c    ffac (003feb00)     _IQ3mpyRndSatTable
003feb38    ffac (003feb00)     _IQ2mpyRndSatTable

003feb44    ffad (003feb40)     _IQ1mpyRndSatTable
003feb50    ffad (003feb40)     _IQmpyRndSatTableEnd


GLOBAL SYMBOLS: SORTED ALPHABETICALLY BY Name 

page  address   name                            
----  -------   ----                            
0     00009000  .text                           
0     00009d7c  C$$EXIT                         
0     00009b50  FD$$MPY                         
0     00009dc9  FD$$TOL                         
0     00009c5b  FS$$ADD                         
0     00009bd3  FS$$DIV                         
0     00009cce  FS$$MPY                         
0     00009c56  FS$$SUB                         
0     00009e22  FS$$TOFD                        
0     00009de8  FS$$TOU                         
0     00009e4f  U$$TOFS                         
1     0000c158  _ACQPS                          
0     00380080  _ADC_cal                        
1     00000b00  _AdcMirror                      
1     00007100  _AdcRegs                        
1     0000c000  _BackTicker                     
1     0000c168  _ChSel                          
1     00000c00  _CpuTimer0Regs                  
1     00000c08  _CpuTimer1Regs                  
1     00000c10  _CpuTimer2Regs                  
1     0033fff8  _CsmPwl                         
1     00000ae0  _CsmRegs                        
0     0000856c  _DSP28x_usDelay                 
1     00000880  _DevEmuRegs                     
0     00009989  _DeviceInit                     
1     0000c007  _DisableFlag                    
1     00001000  _DmaRegs                        
1     00006040  _ECanaLAMRegs                   
1     000060c0  _ECanaMOTORegs                  
1     00006080  _ECanaMOTSRegs                  
1     00006100  _ECanaMboxes                    
1     00006000  _ECanaRegs                      
1     00006240  _ECanbLAMRegs                   
1     000062c0  _ECanbMOTORegs                  
1     00006280  _ECanbMOTSRegs                  
1     00006300  _ECanbMboxes                    
1     00006200  _ECanbRegs                      
1     00006a00  _ECap1Regs                      
1     00006a20  _ECap2Regs                      
1     00006a40  _ECap3Regs                      
1     00006a60  _ECap4Regs                      
1     00006a80  _ECap5Regs                      
1     00006aa0  _ECap6Regs                      
1     00006800  _EPwm1Regs                      
1     00006840  _EPwm2Regs                      
1     00006880  _EPwm3Regs                      
1     000068c0  _EPwm4Regs                      
1     00006900  _EPwm5Regs                      
1     00006940  _EPwm6Regs                      
1     00006b00  _EQep1Regs                      
1     00006b40  _EQep2Regs                      
1     0000c006  _EnableFlag                     
1     0000c022  _Ffd_d                          
1     0000c024  _Ffd_q                          
1     00000a80  _FlashRegs                      
1     00006f80  _GpioCtrlRegs                   
1     00006fc0  _GpioDataRegs                   
1     00006fe0  _GpioIntRegs                    
0     00009945  _HVDMC_Protection               
1     0000c008  _HardstopFlag                   
1     00007900  _I2caRegs                       
0     003fead8  _IQ10mpyRndSatTable             
0     003feacc  _IQ11mpyRndSatTable             
0     003feac0  _IQ12mpyRndSatTable             
0     003feab4  _IQ13mpyRndSatTable             
0     003feaa8  _IQ14mpyRndSatTable             
0     003fea9c  _IQ15mpyRndSatTable             
0     003fea90  _IQ16mpyRndSatTable             
0     003fea84  _IQ17mpyRndSatTable             
0     003fea78  _IQ18mpyRndSatTable             
0     003fea6c  _IQ19mpyRndSatTable             
0     003feb44  _IQ1mpyRndSatTable              
0     003fea60  _IQ20mpyRndSatTable             
0     003fea54  _IQ21mpyRndSatTable             
0     003fea48  _IQ22mpyRndSatTable             
0     003fea3c  _IQ23mpyRndSatTable             
0     003fea30  _IQ24mpyRndSatTable             
0     003fea24  _IQ25mpyRndSatTable             
0     003fea18  _IQ26mpyRndSatTable             
0     003fea0c  _IQ27mpyRndSatTable             
0     003fea00  _IQ28mpyRndSatTable             
0     003fe9f4  _IQ29mpyRndSatTable             
0     003feb38  _IQ2mpyRndSatTable              
0     003fe9e8  _IQ30mpyRndSatTable             
0     003feb2c  _IQ3mpyRndSatTable              
0     003feb20  _IQ4mpyRndSatTable              
0     003feb14  _IQ5mpyRndSatTable              
0     003feb08  _IQ6mpyRndSatTable              
0     003feafc  _IQ7mpyRndSatTable              
0     003feaf0  _IQ8mpyRndSatTable              
0     003feae4  _IQ9mpyRndSatTable              
0     003fe824  _IQatan2HalfPITable             
0     003fe862  _IQatan2Table                   
0     003fe9e8  _IQatan2TableEnd                
0     003fe100  _IQcosTable                     
0     003fe502  _IQcosTableEnd                  
0     003fe502  _IQdivRoundSatTable             
0     003fe510  _IQdivTable                     
0     003fe712  _IQdivTableEnd                  
0     003fe712  _IQisqrtRoundSatTable           
0     003fe722  _IQisqrtTable                   
0     003fe824  _IQisqrtTableEnd                
0     003fe9e8  _IQmpyRndSatTable               
0     003feb50  _IQmpyRndSatTableEnd            
0     003fe000  _IQsinTable                     
0     003fe400  _IQsinTableEnd                  
0     003fe712  _IQsqrtRoundSatTable            
0     003fe722  _IQsqrtTable                    
0     003fe824  _IQsqrtTableEnd                 
0     00009e70  _ISR_ILLEGAL                    
1     0000c02e  _IdRef                          
1     0000c030  _IqRef                          
1     0000c014  _IsrTicker                      
1     0000c01c  _K1                             
1     0000c01e  _K2                             
0     00009000  _MainISR                        
1     00005000  _McbspaRegs                     
1     00005040  _McbspbRegs                     
0     00009b3d  _MemCopy                        
0     00009475  _OffsetISR                      
0     00009adc  _PLLset                         
1     00380090  _PartIdRegs                     
0     00009aff  _PieCntlInit                    
1     00000ce0  _PieCtrlRegs                    
1     00000d00  _PieVectTable                   
0     00009b1e  _PieVectTableInit               
1     00007050  _SciaRegs                       
1     00007750  _ScibRegs                       
1     00007770  _ScicRegs                       
1     0000c020  _SensorGain                     
1     0000c002  _SpeedLoopCount                 
1     0000c001  _SpeedLoopPrescaler             
1     0000c032  _SpeedRef                       
1     0000c03e  _SpeedRef_atk                   
1     00007040  _SpiaRegs                       
1     00007010  _SysCtrlRegs                    
1     0000c012  _T                              
1     0000c005  _TripFlagDMC                    
1     0000c02a  _VdTesting                      
1     0000c02c  _VqTesting                      
0     00009ad4  _WDogDisable                    
1     00007070  _XIntruptRegs                   
1     00000b20  _XintfRegs                      
0     0000b070  __IQ24cosPU                     
0     0000b000  __IQ24div                       
0     0000b047  __IQ24sinPU                     
1     00000700  __STACK_END                     
abs   00000300  __STACK_SIZE                    
1     0000c266  ___TI_cleanup_ptr               
1     0000c268  ___TI_dtors_ptr                 
1     0000c264  ___TI_enable_exit_profile_output
abs   ffffffff  ___TI_pprof_out_hndl            
abs   ffffffff  ___TI_prof_data_size            
abs   ffffffff  ___TI_prof_data_start           
abs   ffffffff  ___binit__                      
abs   ffffffff  ___c_args__                     
0     00008000  ___cinit__                      
0     00009e78  ___etext__                      
abs   ffffffff  ___pinit__                      
0     00009000  ___text__                       
0     00009e3e  __args_main                     
1     0000c17e  __lock                          
0     00009e67  __nop                           
0     00009e63  __register_lock                 
0     00009e5f  __register_unlock               
1     00000400  __stack                         
0     00009e77  __system_post_cinit             
0     00009e75  __system_pre_init               
1     0000c26a  __unlock                        
0     00009d7c  _abort                          
1     0000c034  _alpha                          
1     0000c00f  _attackPeriod                   
1     0000c00e  _attackTicker                   
1     0000c00d  _attackhaltFlag                 
1     0000c00c  _attackinitFlag                 
0     00009d28  _c_int00                        
1     0000c046  _clarke1                        
1     0000c0d2  _cm1                            
1     0000c08e  _cm1_const                      
0     00009da5  _copy_in                        
1     0000c180  _dataA                          
1     0000c280  _dataB                          
1     0000c380  _dataLogA                       
1     0000c480  _dataLogB                       
1     0000c248  _eCAP                           
1     0000c256  _ePWM                           
1     0000c178  _eQEP                           
0     00009d7e  _exit                           
1     0000c036  _impact                         
1     0000c080  _ipark1                         
1     0000c003  _limCurrentMax                  
1     0000c004  _limCurrentMin                  
0     0000953a  _main                           
0     00009e05  _memcpy                         
1     0000c00b  _monitorDivTicker               
1     0000c00a  _monitorDivider                 
1     0000c009  _monitorTicker                  
1     0000c016  _offsetA                        
1     0000c038  _offsetA_prev                   
1     0000c018  _offsetB                        
1     0000c03a  _offsetB_prev                   
1     0000c01a  _offsetC                        
1     0000c03c  _offsetC_prev                   
1     0000c066  _park1                          
1     0000c118  _pi_id                          
1     0000c140  _pi_iq                          
1     0000c100  _pi_spd                         
1     0000c050  _pwm1                           
1     0000c040  _pwmdac1                        
1     0000c0ae  _qep1                           
1     0000c09e  _rc1                            
1     0000c010  _recoverPeriod                  
1     0000c05a  _rg1                            
1     0000c0e6  _speed1                         
1     0000c0c0  _svgen1                         
1     0000c011  _tick_atk_spd                   
1     0000c026  _vds                            
1     0000c028  _vqs                            
abs   ffffffff  binit                           
0     00008000  cinit                           
0     00000000  code_start                      
0     00009e78  etext                           
abs   ffffffff  pinit                           


GLOBAL SYMBOLS: SORTED BY Symbol Address 

page  address   name                            
----  -------   ----                            
0     00000000  code_start                      
0     00008000  ___cinit__                      
0     00008000  cinit                           
0     0000856c  _DSP28x_usDelay                 
0     00009000  .text                           
0     00009000  _MainISR                        
0     00009000  ___text__                       
0     00009475  _OffsetISR                      
0     0000953a  _main                           
0     00009945  _HVDMC_Protection               
0     00009989  _DeviceInit                     
0     00009ad4  _WDogDisable                    
0     00009adc  _PLLset                         
0     00009aff  _PieCntlInit                    
0     00009b1e  _PieVectTableInit               
0     00009b3d  _MemCopy                        
0     00009b50  FD$$MPY                         
0     00009bd3  FS$$DIV                         
0     00009c56  FS$$SUB                         
0     00009c5b  FS$$ADD                         
0     00009cce  FS$$MPY                         
0     00009d28  _c_int00                        
0     00009d7c  C$$EXIT                         
0     00009d7c  _abort                          
0     00009d7e  _exit                           
0     00009da5  _copy_in                        
0     00009dc9  FD$$TOL                         
0     00009de8  FS$$TOU                         
0     00009e05  _memcpy                         
0     00009e22  FS$$TOFD                        
0     00009e3e  __args_main                     
0     00009e4f  U$$TOFS                         
0     00009e5f  __register_unlock               
0     00009e63  __register_lock                 
0     00009e67  __nop                           
0     00009e70  _ISR_ILLEGAL                    
0     00009e75  __system_pre_init               
0     00009e77  __system_post_cinit             
0     00009e78  ___etext__                      
0     00009e78  etext                           
0     0000b000  __IQ24div                       
0     0000b047  __IQ24sinPU                     
0     0000b070  __IQ24cosPU                     
0     00380080  _ADC_cal                        
0     003fe000  _IQsinTable                     
0     003fe100  _IQcosTable                     
0     003fe400  _IQsinTableEnd                  
0     003fe502  _IQcosTableEnd                  
0     003fe502  _IQdivRoundSatTable             
0     003fe510  _IQdivTable                     
0     003fe712  _IQdivTableEnd                  
0     003fe712  _IQisqrtRoundSatTable           
0     003fe712  _IQsqrtRoundSatTable            
0     003fe722  _IQisqrtTable                   
0     003fe722  _IQsqrtTable                    
0     003fe824  _IQatan2HalfPITable             
0     003fe824  _IQisqrtTableEnd                
0     003fe824  _IQsqrtTableEnd                 
0     003fe862  _IQatan2Table                   
0     003fe9e8  _IQ30mpyRndSatTable             
0     003fe9e8  _IQatan2TableEnd                
0     003fe9e8  _IQmpyRndSatTable               
0     003fe9f4  _IQ29mpyRndSatTable             
0     003fea00  _IQ28mpyRndSatTable             
0     003fea0c  _IQ27mpyRndSatTable             
0     003fea18  _IQ26mpyRndSatTable             
0     003fea24  _IQ25mpyRndSatTable             
0     003fea30  _IQ24mpyRndSatTable             
0     003fea3c  _IQ23mpyRndSatTable             
0     003fea48  _IQ22mpyRndSatTable             
0     003fea54  _IQ21mpyRndSatTable             
0     003fea60  _IQ20mpyRndSatTable             
0     003fea6c  _IQ19mpyRndSatTable             
0     003fea78  _IQ18mpyRndSatTable             
0     003fea84  _IQ17mpyRndSatTable             
0     003fea90  _IQ16mpyRndSatTable             
0     003fea9c  _IQ15mpyRndSatTable             
0     003feaa8  _IQ14mpyRndSatTable             
0     003feab4  _IQ13mpyRndSatTable             
0     003feac0  _IQ12mpyRndSatTable             
0     003feacc  _IQ11mpyRndSatTable             
0     003fead8  _IQ10mpyRndSatTable             
0     003feae4  _IQ9mpyRndSatTable              
0     003feaf0  _IQ8mpyRndSatTable              
0     003feafc  _IQ7mpyRndSatTable              
0     003feb08  _IQ6mpyRndSatTable              
0     003feb14  _IQ5mpyRndSatTable              
0     003feb20  _IQ4mpyRndSatTable              
0     003feb2c  _IQ3mpyRndSatTable              
0     003feb38  _IQ2mpyRndSatTable              
0     003feb44  _IQ1mpyRndSatTable              
0     003feb50  _IQmpyRndSatTableEnd            
1     00000400  __stack                         
1     00000700  __STACK_END                     
1     00000880  _DevEmuRegs                     
1     00000a80  _FlashRegs                      
1     00000ae0  _CsmRegs                        
1     00000b00  _AdcMirror                      
1     00000b20  _XintfRegs                      
1     00000c00  _CpuTimer0Regs                  
1     00000c08  _CpuTimer1Regs                  
1     00000c10  _CpuTimer2Regs                  
1     00000ce0  _PieCtrlRegs                    
1     00000d00  _PieVectTable                   
1     00001000  _DmaRegs                        
1     00005000  _McbspaRegs                     
1     00005040  _McbspbRegs                     
1     00006000  _ECanaRegs                      
1     00006040  _ECanaLAMRegs                   
1     00006080  _ECanaMOTSRegs                  
1     000060c0  _ECanaMOTORegs                  
1     00006100  _ECanaMboxes                    
1     00006200  _ECanbRegs                      
1     00006240  _ECanbLAMRegs                   
1     00006280  _ECanbMOTSRegs                  
1     000062c0  _ECanbMOTORegs                  
1     00006300  _ECanbMboxes                    
1     00006800  _EPwm1Regs                      
1     00006840  _EPwm2Regs                      
1     00006880  _EPwm3Regs                      
1     000068c0  _EPwm4Regs                      
1     00006900  _EPwm5Regs                      
1     00006940  _EPwm6Regs                      
1     00006a00  _ECap1Regs                      
1     00006a20  _ECap2Regs                      
1     00006a40  _ECap3Regs                      
1     00006a60  _ECap4Regs                      
1     00006a80  _ECap5Regs                      
1     00006aa0  _ECap6Regs                      
1     00006b00  _EQep1Regs                      
1     00006b40  _EQep2Regs                      
1     00006f80  _GpioCtrlRegs                   
1     00006fc0  _GpioDataRegs                   
1     00006fe0  _GpioIntRegs                    
1     00007010  _SysCtrlRegs                    
1     00007040  _SpiaRegs                       
1     00007050  _SciaRegs                       
1     00007070  _XIntruptRegs                   
1     00007100  _AdcRegs                        
1     00007750  _ScibRegs                       
1     00007770  _ScicRegs                       
1     00007900  _I2caRegs                       
1     0000c000  _BackTicker                     
1     0000c001  _SpeedLoopPrescaler             
1     0000c002  _SpeedLoopCount                 
1     0000c003  _limCurrentMax                  
1     0000c004  _limCurrentMin                  
1     0000c005  _TripFlagDMC                    
1     0000c006  _EnableFlag                     
1     0000c007  _DisableFlag                    
1     0000c008  _HardstopFlag                   
1     0000c009  _monitorTicker                  
1     0000c00a  _monitorDivider                 
1     0000c00b  _monitorDivTicker               
1     0000c00c  _attackinitFlag                 
1     0000c00d  _attackhaltFlag                 
1     0000c00e  _attackTicker                   
1     0000c00f  _attackPeriod                   
1     0000c010  _recoverPeriod                  
1     0000c011  _tick_atk_spd                   
1     0000c012  _T                              
1     0000c014  _IsrTicker                      
1     0000c016  _offsetA                        
1     0000c018  _offsetB                        
1     0000c01a  _offsetC                        
1     0000c01c  _K1                             
1     0000c01e  _K2                             
1     0000c020  _SensorGain                     
1     0000c022  _Ffd_d                          
1     0000c024  _Ffd_q                          
1     0000c026  _vds                            
1     0000c028  _vqs                            
1     0000c02a  _VdTesting                      
1     0000c02c  _VqTesting                      
1     0000c02e  _IdRef                          
1     0000c030  _IqRef                          
1     0000c032  _SpeedRef                       
1     0000c034  _alpha                          
1     0000c036  _impact                         
1     0000c038  _offsetA_prev                   
1     0000c03a  _offsetB_prev                   
1     0000c03c  _offsetC_prev                   
1     0000c03e  _SpeedRef_atk                   
1     0000c040  _pwmdac1                        
1     0000c046  _clarke1                        
1     0000c050  _pwm1                           
1     0000c05a  _rg1                            
1     0000c066  _park1                          
1     0000c080  _ipark1                         
1     0000c08e  _cm1_const                      
1     0000c09e  _rc1                            
1     0000c0ae  _qep1                           
1     0000c0c0  _svgen1                         
1     0000c0d2  _cm1                            
1     0000c0e6  _speed1                         
1     0000c100  _pi_spd                         
1     0000c118  _pi_id                          
1     0000c140  _pi_iq                          
1     0000c158  _ACQPS                          
1     0000c168  _ChSel                          
1     0000c178  _eQEP                           
1     0000c17e  __lock                          
1     0000c180  _dataA                          
1     0000c248  _eCAP                           
1     0000c256  _ePWM                           
1     0000c264  ___TI_enable_exit_profile_output
1     0000c266  ___TI_cleanup_ptr               
1     0000c268  ___TI_dtors_ptr                 
1     0000c26a  __unlock                        
1     0000c280  _dataB                          
1     0000c380  _dataLogA                       
1     0000c480  _dataLogB                       
1     0033fff8  _CsmPwl                         
1     00380090  _PartIdRegs                     
abs   00000300  __STACK_SIZE                    
abs   ffffffff  ___TI_pprof_out_hndl            
abs   ffffffff  ___TI_prof_data_size            
abs   ffffffff  ___TI_prof_data_start           
abs   ffffffff  ___binit__                      
abs   ffffffff  ___c_args__                     
abs   ffffffff  ___pinit__                      
abs   ffffffff  binit                           
abs   ffffffff  pinit                           

[223 symbols]
